2026-07-14 09:30:24,637 | INFO | ================================================================================
2026-07-14 09:30:24,638 | INFO | XGBoost Burn Area Classification Pipeline
2026-07-14 09:30:24,638 | INFO | ================================================================================
2026-07-14 09:30:24,638 | INFO | Project Root      : /home/mahasiswa1/zahra_project
2026-07-14 09:30:24,638 | INFO | Dataset           : /home/mahasiswa1/zahra_project/data/features/classification_dataset.csv
2026-07-14 09:30:24,638 | INFO | Model Directory   : /home/mahasiswa1/zahra_project/outputs/models
2026-07-14 09:30:24,638 | INFO | Visualization Dir : /home/mahasiswa1/zahra_project/outputs/visualization
2026-07-14 09:30:24,638 | INFO | Metadata Dir      : /home/mahasiswa1/zahra_project/outputs/metadata
2026-07-14 09:30:24,638 | INFO | Features          : Mean_B2, Mean_B3, Mean_B4, Mean_B11, Mean_NBR
2026-07-14 09:30:24,638 | INFO | Target            : Burn_Label
2026-07-14 09:30:24,639 | INFO | Train Split       : 70%
2026-07-14 09:30:24,639 | INFO | Validation Split  : 15%
2026-07-14 09:30:24,639 | INFO | Test Split        : 15%
2026-07-14 09:30:24,639 | INFO | Random State      : 42
2026-07-14 09:30:24,639 | INFO | ================================================================================
2026-07-14 09:30:24,639 | INFO | ================================================================================
2026-07-14 09:30:24,639 | INFO | SECTION 4 - LOAD DATASET
2026-07-14 09:30:24,639 | INFO | ================================================================================
2026-07-14 09:30:24,639 | INFO | Dataset found.
2026-07-14 09:30:25,041 | INFO | Dataset loaded successfully.
2026-07-14 09:30:25,041 | INFO | All required columns are available.
2026-07-14 09:30:25,041 | INFO | Number of rows    : 121057
2026-07-14 09:30:25,042 | INFO | Number of columns : 12
2026-07-14 09:30:25,042 | INFO | Feature columns:
2026-07-14 09:30:25,042 | INFO |    • Mean_B2
2026-07-14 09:30:25,042 | INFO |    • Mean_B3
2026-07-14 09:30:25,042 | INFO |    • Mean_B4
2026-07-14 09:30:25,042 | INFO |    • Mean_B11
2026-07-14 09:30:25,042 | INFO |    • Mean_NBR
2026-07-14 09:30:25,042 | INFO | Target column : Burn_Label
2026-07-14 09:30:25,042 | INFO | Dataset Preview (First 5 Rows):
2026-07-14 09:30:25,068 | INFO | 
 grid_id  latitude  longitude     Mean_B2     Mean_B3     Mean_B4     Mean_B8    Mean_B11    Mean_B12  Mean_NBR  Std_NBR  Burn_Label
       1 -0.680238 109.814188 1478.973432 1514.634633 1307.012142 3632.856596 1909.780114 1328.998656  0.464124 0.027269           0
       2 -0.676892 109.813548 1472.902916 1529.016584 1329.224164 3564.897945 1916.474845 1291.253344  0.468128 0.027896           0
       3 -0.672456 109.812995 1342.469776 1392.150904 1200.603309 3434.941191 1831.345040 1224.551186  0.474503 0.028054           0
       4 -0.668041 109.812752 1644.577116 1650.106128 1461.994148 3553.609562 1941.260670 1398.618555  0.435545 0.031279           0
       5 -0.663627 109.813066 1699.479370 1701.907070 1497.646873 3678.965202 2009.880421 1405.875146  0.446941 0.026980           0
2026-07-14 09:30:25,068 | INFO | ================================================================================
2026-07-14 09:30:25,068 | INFO | ================================================================================
2026-07-14 09:30:25,068 | INFO | SECTION 5 - DATA QUALITY CHECK
2026-07-14 09:30:25,068 | INFO | ================================================================================
2026-07-14 09:30:25,068 | INFO | Checking missing values...
2026-07-14 09:30:25,072 | INFO | No missing values found.
2026-07-14 09:30:25,072 | INFO | Checking duplicate records...
2026-07-14 09:30:25,204 | INFO | Duplicate rows : 0
2026-07-14 09:30:25,204 | INFO | Checking infinite values...
2026-07-14 09:30:25,276 | INFO | Infinite values : 0
2026-07-14 09:30:25,276 | INFO | Checking data types...
2026-07-14 09:30:25,278 | INFO | 
grid_id         int64
latitude      float64
longitude     float64
Mean_B2       float64
Mean_B3       float64
Mean_B4       float64
Mean_B8       float64
Mean_B11      float64
Mean_B12      float64
Mean_NBR      float64
Std_NBR       float64
Burn_Label      int64
2026-07-14 09:30:25,278 | INFO | Generating descriptive statistics...
2026-07-14 09:30:25,343 | INFO | 
           Mean_B2      Mean_B3      Mean_B4     Mean_B11     Mean_NBR
count  121057.0000  121057.0000  121057.0000  121057.0000  121057.0000
mean     1658.9424    1685.9986    1502.2562    1984.3976       0.4511
std       433.6942     388.3769     396.1209     250.9820       0.0665
min       491.7863     694.9217     442.0925     738.0703       0.0784
25%      1356.6058    1416.4219    1225.4536    1806.3437       0.4174
50%      1603.0216    1634.7907    1446.9141    1990.8311       0.4603
75%      1896.4978    1896.9540    1716.4924    2147.3603       0.4959
max      6351.7309    5992.4477    5731.1748    3354.9597       0.7249
2026-07-14 09:30:25,344 | INFO | Checking target distribution...
2026-07-14 09:30:25,346 | INFO | Burn_Label = 0 : 120959 (99.92%)
2026-07-14 09:30:25,346 | INFO | Burn_Label = 1 : 98 (0.08%)
2026-07-14 09:30:25,346 | INFO | Data quality check completed successfully.
2026-07-14 09:30:25,346 | INFO | ================================================================================
2026-07-14 09:30:25,349 | INFO | ================================================================================
2026-07-14 09:30:25,349 | INFO | SECTION 6 - EXPLORATORY DATA ANALYSIS
2026-07-14 09:30:25,349 | INFO | ================================================================================
2026-07-14 09:30:25,349 | INFO | Creating class distribution plot...
2026-07-14 09:30:26,041 | INFO | Creating feature histograms...
2026-07-14 09:30:28,282 | INFO | Creating feature boxplots...
2026-07-14 09:30:29,283 | INFO | Creating correlation matrix...
2026-07-14 09:30:30,412 | INFO | EDA completed successfully.
2026-07-14 09:30:30,412 | INFO | ================================================================================
2026-07-14 09:30:30,412 | INFO | ================================================================================
2026-07-14 09:30:30,412 | INFO | SECTION 7 - DATA PREPARATION
2026-07-14 09:30:30,412 | INFO | ================================================================================
2026-07-14 09:30:30,412 | INFO | Selecting feature columns...
2026-07-14 09:30:30,419 | INFO | Feature matrix shape : (121057, 5)
2026-07-14 09:30:30,419 | INFO | Target vector shape  : (121057,)
2026-07-14 09:30:30,419 | INFO | Converting feature columns to numeric...
2026-07-14 09:30:30,422 | INFO | Converting target column to integer...
2026-07-14 09:30:30,422 | INFO | Validating prepared dataset...
2026-07-14 09:30:30,424 | INFO | Feature columns used:
2026-07-14 09:30:30,424 | INFO |    • Mean_B2
2026-07-14 09:30:30,424 | INFO |    • Mean_B3
2026-07-14 09:30:30,424 | INFO |    • Mean_B4
2026-07-14 09:30:30,424 | INFO |    • Mean_B11
2026-07-14 09:30:30,425 | INFO |    • Mean_NBR
2026-07-14 09:30:30,425 | INFO | Target column : Burn_Label
2026-07-14 09:30:30,425 | INFO | Prepared dataset summary
2026-07-14 09:30:30,425 | INFO | Samples  : 121057
2026-07-14 09:30:30,425 | INFO | Features : 5
2026-07-14 09:30:30,425 | INFO | ================================================================================
2026-07-14 09:30:30,425 | INFO | ================================================================================
2026-07-14 09:30:30,425 | INFO | SECTION 8 - TRAIN / VALIDATION / TEST SPLIT
2026-07-14 09:30:30,425 | INFO | ================================================================================
2026-07-14 09:30:30,425 | INFO | Splitting dataset into training and temporary sets...
2026-07-14 09:30:30,573 | INFO | Splitting temporary set into validation and testing sets...
2026-07-14 09:30:30,601 | INFO | Dataset splitting completed successfully.
2026-07-14 09:30:30,602 | INFO | Training Set   : 84739 samples (70.00%)
2026-07-14 09:30:30,602 | INFO | Validation Set : 18159 samples (15.00%)
2026-07-14 09:30:30,602 | INFO | Testing Set    : 18159 samples (15.00%)
2026-07-14 09:30:30,602 | INFO | --------------------------------------------------------------------------------
2026-07-14 09:30:30,602 | INFO | Burn Label Distribution
2026-07-14 09:30:30,604 | INFO | Training Set
2026-07-14 09:30:30,604 | INFO |    Burn_Label = 0 : 99.92%
2026-07-14 09:30:30,604 | INFO |    Burn_Label = 1 : 0.08%
2026-07-14 09:30:30,605 | INFO | Validation Set
2026-07-14 09:30:30,605 | INFO |    Burn_Label = 0 : 99.92%
2026-07-14 09:30:30,605 | INFO |    Burn_Label = 1 : 0.08%
2026-07-14 09:30:30,606 | INFO | Testing Set
2026-07-14 09:30:30,606 | INFO |    Burn_Label = 0 : 99.92%
2026-07-14 09:30:30,607 | INFO |    Burn_Label = 1 : 0.08%
2026-07-14 09:30:30,607 | INFO | --------------------------------------------------------------------------------
2026-07-14 09:30:30,607 | INFO | Feature Matrix Shapes
2026-07-14 09:30:30,607 | INFO | X_train      : (84739, 5)
2026-07-14 09:30:30,607 | INFO | X_validation : (18159, 5)
2026-07-14 09:30:30,607 | INFO | X_test       : (18159, 5)
2026-07-14 09:30:30,607 | INFO | Target Shapes
2026-07-14 09:30:30,607 | INFO | y_train      : (84739,)
2026-07-14 09:30:30,607 | INFO | y_validation : (18159,)
2026-07-14 09:30:30,607 | INFO | y_test       : (18159,)
2026-07-14 09:30:30,607 | INFO | ================================================================================
2026-07-14 09:30:30,607 | INFO | ================================================================================
2026-07-14 09:30:30,607 | INFO | SECTION 9 - BASELINE XGBOOST MODEL
2026-07-14 09:30:30,608 | INFO | ================================================================================
2026-07-14 09:30:30,608 | INFO | Calculating class distribution from training set...
2026-07-14 09:30:30,608 | INFO | Negative samples : 84670
2026-07-14 09:30:30,608 | INFO | Positive samples : 69
2026-07-14 09:30:30,609 | INFO | scale_pos_weight : 1227.1014
2026-07-14 09:30:30,609 | INFO | Initializing XGBoost baseline model...
2026-07-14 09:30:30,609 | INFO | Training XGBoost model...
2026-07-14 09:33:11,095 | INFO | Training completed successfully.
2026-07-14 09:33:11,095 | INFO | Best Iteration : 299
2026-07-14 09:33:11,095 | INFO | Best Score     : 0.019157
2026-07-14 09:33:11,096 | INFO | ================================================================================
2026-07-14 09:33:11,096 | INFO | ================================================================================
2026-07-14 09:33:11,096 | INFO | SECTION 10 - HYPERPARAMETER TUNING
2026-07-14 09:33:11,096 | INFO | ================================================================================
2026-07-14 09:33:11,096 | INFO | Preparing hyperparameter search space...
2026-07-14 09:33:11,096 | INFO | Running RandomizedSearchCV...
2026-07-14 09:35:19,714 | INFO | Hyperparameter tuning completed.
2026-07-14 09:35:19,716 | INFO | Best Cross Validation F1 Score : 0.1028
2026-07-14 09:35:19,716 | INFO | Best Parameters:
2026-07-14 09:35:19,716 | INFO |    subsample            : 1.0
2026-07-14 09:35:19,716 | INFO |    n_estimators         : 200
2026-07-14 09:35:19,717 | INFO |    min_child_weight     : 5
2026-07-14 09:35:19,717 | INFO |    max_depth            : 8
2026-07-14 09:35:19,717 | INFO |    learning_rate        : 0.1
2026-07-14 09:35:19,717 | INFO |    gamma                : 0.0
2026-07-14 09:35:19,717 | INFO |    colsample_bytree     : 0.8
2026-07-14 09:35:19,717 | INFO | ================================================================================
2026-07-14 09:35:19,717 | INFO | ================================================================================
2026-07-14 09:35:19,717 | INFO | SECTION 11 - FINAL MODEL EVALUATION
2026-07-14 09:35:19,718 | INFO | ================================================================================
2026-07-14 09:35:19,718 | INFO | Generating predictions on the test set...
2026-07-14 09:35:19,787 | INFO | Prediction completed successfully.
2026-07-14 09:35:19,790 | INFO | Calculating evaluation metrics...
2026-07-14 09:35:19,866 | INFO | 
2026-07-14 09:35:19,866 | INFO | Evaluation Metrics
2026-07-14 09:35:19,867 | INFO | ----------------------------------------
2026-07-14 09:35:19,867 | INFO | Accuracy             : 0.9985
2026-07-14 09:35:19,867 | INFO | Balanced Accuracy    : 0.4996
2026-07-14 09:35:19,867 | INFO | Precision            : 0.0000
2026-07-14 09:35:19,868 | INFO | Recall               : 0.0000
2026-07-14 09:35:19,868 | INFO | F1 Score             : 0.0000
2026-07-14 09:35:19,868 | INFO | ROC AUC              : 0.9076
2026-07-14 09:35:19,868 | INFO | ----------------------------------------
2026-07-14 09:35:19,868 | INFO | Classification Report
2026-07-14 09:35:19,890 | INFO | 
              precision    recall  f1-score   support

           0     0.9992    0.9993    0.9992     18144
           1     0.0000    0.0000    0.0000        15

    accuracy                         0.9985     18159
   macro avg     0.4996    0.4996    0.4996     18159
weighted avg     0.9983    0.9985    0.9984     18159

2026-07-14 09:35:19,890 | INFO | Generating confusion matrix...
2026-07-14 09:35:20,311 | INFO | Generating ROC Curve...
2026-07-14 09:35:20,754 | INFO | Evaluation metrics saved.
2026-07-14 09:35:20,754 | INFO | ================================================================================
2026-07-14 09:35:20,754 | INFO | ================================================================================
2026-07-14 09:35:20,754 | INFO | SECTION 12 - MODEL INTERPRETATION & SAVE RESULTS
2026-07-14 09:35:20,754 | INFO | ================================================================================
2026-07-14 09:35:20,754 | INFO | Calculating feature importance...
2026-07-14 09:35:20,757 | INFO | 
 Feature  Importance
 Mean_B2    0.291093
Mean_NBR    0.275250
Mean_B11    0.182229
 Mean_B3    0.130082
 Mean_B4    0.121348
2026-07-14 09:35:20,758 | INFO | Creating feature importance plot...
2026-07-14 09:35:21,117 | INFO | Saving prediction results...
2026-07-14 09:35:21,199 | INFO | Prediction results saved.
2026-07-14 09:35:21,199 | INFO | Saving trained model...
2026-07-14 09:35:21,218 | INFO | Model saved successfully.
2026-07-14 09:35:21,218 | INFO | ================================================================================
2026-07-14 09:35:21,219 | INFO | PIPELINE COMPLETED SUCCESSFULLY
2026-07-14 09:35:21,219 | INFO | ================================================================================
2026-07-14 09:35:21,219 | INFO | Model
2026-07-14 09:35:21,219 | INFO |   /home/mahasiswa1/zahra_project/outputs/models/xgboost_burn_classification.pkl
2026-07-14 09:35:21,219 | INFO | Evaluation Metrics
2026-07-14 09:35:21,219 | INFO |   /home/mahasiswa1/zahra_project/outputs/metadata/evaluation_metrics.csv
2026-07-14 09:35:21,219 | INFO | Prediction
2026-07-14 09:35:21,219 | INFO |   /home/mahasiswa1/zahra_project/outputs/metadata/test_prediction.csv
2026-07-14 09:35:21,219 | INFO | Feature Importance
2026-07-14 09:35:21,219 | INFO |   /home/mahasiswa1/zahra_project/outputs/metadata/feature_importance.csv
2026-07-14 09:35:21,219 | INFO | Confusion Matrix
2026-07-14 09:35:21,219 | INFO |   /home/mahasiswa1/zahra_project/outputs/visualization/confusion_matrix.png
2026-07-14 09:35:21,219 | INFO | ROC Curve
2026-07-14 09:35:21,220 | INFO |   /home/mahasiswa1/zahra_project/outputs/visualization/roc_curve.png
2026-07-14 09:35:21,220 | INFO | Feature Importance Figure
2026-07-14 09:35:21,220 | INFO |   /home/mahasiswa1/zahra_project/outputs/visualization/feature_importance.png
2026-07-14 09:35:21,220 | INFO | ================================================================================
